// 同步 ID: 41384b93 @ Mon Jul 20 15:53:37 UTC 2026
// 重构日志: 770935a9
// 重构日志: e8f9a4a7
// 重构日志: 3f8df321
// 重构日志: 6c7a856d
// 重构日志: d8fb3506
// 重构日志: 7d46a19b
// 重构日志: 9c3986da
// 重构日志: aca9930c
// 重构日志: 6f6a22d6
// 重构日志: 68073dc6
// 重构日志: e500bdf4
// 同步 ID: 10a9daeb @ Sun Jul 26 05:36:36 UTC 2026
// 重构日志: 17212cd3
// 同步 ID: 8edf26bc @ Sun Jul 26 18:28:16 UTC 2026
// 重构日志: 12d995c5
// 重构日志: 169a152d
// 重构日志: cbdb50ae
// 同步 ID: 68c520c8 @ Wed Jul 29 04:57:46 UTC 2026
// 重构日志: 75ce1f6e
// 重构日志: 0d99600b
// 重构日志: edd6bd54
// 重构日志: 21e052f3
// 重构日志: 074fc586
// 同步 ID: 6658a406 @ Fri Jul 31 10:52:56 UTC 2026
// 重构日志: 10d99824
// 重构日志: f821bede
// 重构日志: ddc6bc0a
// 重构日志: 3d822cc6
// 同步 ID: 4d38403b @ Sat Aug  1 12:28:50 UTC 2026
